{
    "versions": {
        "content": [
            {
                "DECOUPLER": {
                    "decoupler-py": "1.8.0"
                }
            }
        ],
        "meta": {
            "nf-test": "0.9.2",
            "nextflow": "24.10.1"
        },
        "timestamp": "2024-11-22T15:53:36.673249"
    },
    "decoupler_test": {
        "content": [
            {
                "0": [
                    [
                        {
                            "id": "test"
                        },
                        [
                            "consensus_estimate__decoupler.tsv:md5,3adfc527d7491baaec5a9ba003345b06",
                            "mlm_estimate__decoupler.tsv:md5,10f0a0a82dc252e2843df04430daa30c",
                            "ulm_estimate__decoupler.tsv:md5,3f38c1f33d6fdf352bc311e269662c79",
                            "wsum_estimate__decoupler.tsv:md5,5e6c68334b105b341042507638e3a950"
                        ]
                    ]
                ],
                "1": [
                    [
                        {
                            "id": "test"
                        },
                        [
                            "consensus_pvals__decoupler.tsv:md5,01b956e8cd0c0f24858c83382792f3ba",
                            "mlm_pvals__decoupler.tsv:md5,70e53ea27d51f0b74de08e09cfa0d22a",
                            "ulm_pvals__decoupler.tsv:md5,024d29e68941f56d4f2e878826ad4ded",
                            "wsum_pvals__decoupler.tsv:md5,fac9e18b9495ca8a9ae92a015eed3043"
                        ]
                    ]
                ],
                "2": [
                    "versions.yml:md5,8fd115b4099050429b348981ca1d5e86"
                ],
                "dc_estimate": [
                    [
                        {
                            "id": "test"
                        },
                        [
                            "consensus_estimate__decoupler.tsv:md5,3adfc527d7491baaec5a9ba003345b06",
                            "mlm_estimate__decoupler.tsv:md5,10f0a0a82dc252e2843df04430daa30c",
                            "ulm_estimate__decoupler.tsv:md5,3f38c1f33d6fdf352bc311e269662c79",
                            "wsum_estimate__decoupler.tsv:md5,5e6c68334b105b341042507638e3a950"
                        ]
                    ]
                ],
                "dc_pvals": [
                    [
                        {
                            "id": "test"
                        },
                        [
                            "consensus_pvals__decoupler.tsv:md5,01b956e8cd0c0f24858c83382792f3ba",
                            "mlm_pvals__decoupler.tsv:md5,70e53ea27d51f0b74de08e09cfa0d22a",
                            "ulm_pvals__decoupler.tsv:md5,024d29e68941f56d4f2e878826ad4ded",
                            "wsum_pvals__decoupler.tsv:md5,fac9e18b9495ca8a9ae92a015eed3043"
                        ]
                    ]
                ],
                "versions": [
                    "versions.yml:md5,8fd115b4099050429b348981ca1d5e86"
                ]
            }
        ],
        "meta": {
            "nf-test": "0.9.2",
            "nextflow": "24.10.1"
        },
        "timestamp": "2024-11-22T15:53:36.587951"
    }
}