{
    "sarscov2 - [fastq1, fastq2], large_index, fasta, false, false - bam": {
        "content": [
            "test.bam",
            [
                [
                    {
                        "id": "test",
                        "single_end": false
                    },
                    "test.bowtie2.log:md5,bd89ce1b28c93bf822bae391ffcedd19"
                ]
            ],
            [
                
            ],
            [
                "versions.yml:md5,0034ff5d2b1c356b2208601e9647e055"
            ]
        ],
        "meta": {
            "nf-test": "0.9.1",
            "nextflow": "24.04.4"
        },
        "timestamp": "2024-10-28T12:48:20.606057273"
    },
    "sarscov2 - fastq, index, fasta, false, false - sam2": {
        "content": [
            [
                "@HD\tVN:1.5\tSO:coordinate",
                "@SQ\tSN:MT192765.1\tLN:29829",
                "@PG\tID:bowtie2\tPN:bowtie2\tVN:2.5.4\tCL:\"/opt/conda/bin/bowtie2-align-s --wrapper basic-0 -x ./bowtie2/genome --threads 2 -U test_1.fastq.gz\"",
                "@PG\tID:samtools\tPN:samtools\tPP:bowtie2\tVN:1.18\tCL:samtools sort -O SAM --threads 2 -o test.sam -",
                "ERR5069949.29668\t16\tMT192765.1\t267\t42\t89M\t*\t0\t0\tCCTTGTCCCTGGTTACAACTAGAAACCACACGTCCAACTCAGTTTGCCTGTTTTACAGGTTCGCGACGTGCTCGTACGTGGCTTTGGAG\tE////6/E/EE/EE/<<///6EEE/////<AAA<A<A6AE/E/AE6A/EAEEEAEEEAEEEEEA/AEAE<EEEAEEE////6EEAA/AA\tAS:i:-9\tXN:i:0\tXM:i:3\tXO:i:0\tXG:i:0\tNM:i:3\tMD:Z:14T4G5A63\tYT:Z:UU",
                "ERR5069949.114870\t0\tMT192765.1\t643\t42\t150M\t*\t0\t0\tAAAGGAGCTGGTGGCCATAGTTACGGCGCCGATCTAAAGTCATTTGACTTAGGCGACGAGCTTGGCACTGATCCTTATGAAGATTTTCAAGAAAACTGGAACACTAAACATAGCAGTGGTGTTACCCGTGAACTCATGCGTGAGCTTAAC\tAAAAA/EAEEEEEEAEEEEEEEEE/EEEAEEEEEEEEEEEEEEEEAEAEAEEAEEEEEEEEEEEEEEEEAEAA<EE</AAEEEEEEEAEEEAEEEEEEEEEEEEEEEEEEEEEAEEA<AEEEEEEA<<AAE<EEEEEAE<AAEAAAEAEE\tAS:i:0\tXN:i:0\tXM:i:0\tXO:i:0\tXG:i:0\tNM:i:0\tMD:Z:150\tYT:Z:UU",
                "ERR5069949.147998\t16\tMT192765.1\t919\t42\t94M\t*\t0\t0\tTTTATTGACACTAAGAGGGGTGTATACTGCTGCCGTGAACATGAGCATGAAATTGCTTGGTACACGGAACGTTCTGAAAAGAGCTATGAATTGC\tEE<EEE//A/EEE/A</E<AEAE<EEEA<6EE/EEE/A/EAEAE<//EEEE/EEE6EEE/E/EE/EEE/EEAAEEEEEEEEEEEEEEAEAAAAA\tAS:i:0\tXN:i:0\tXM:i:0\tXO:i:0\tXG:i:0\tNM:i:0\tMD:Z:94\tYT:Z:UU",
                "ERR5069949.155944\t16\tMT192765.1\t1023\t42\t150M\t*\t0\t0\tTGAAATTAAATTGGCAAAGAAATTTGACACCTTCAATGGGGAATGTCCAAATTTTGTATTTCACTTAAATTCCATAATCAAGACTATTCAACCAAGGGTTGAAAAGAAAAAGCTTGATGGCTTTATGGGTAGAATTCGATCTGTCTATCC\tEA<EA/<A/6A/AEA/6/66/AAAEAEEE/EEA/6AAAAAAEE</AAEEEEAAEEEAA/EEE//A/EEEEE/AE/EEE6AEEEE/A/EAEEEEE/EEAEEEAE/AEA66AEEEEEEEEE<AEEEAEEEEEEEEE6EEEEEEEAEEAAAAA\tAS:i:-3\tXN:i:0\tXM:i:1\tXO:i:0\tXG:i:0\tNM:i:1\tMD:Z:62C87\tYT:Z:UU",
                "ERR5069949.184542\t0\tMT192765.1\t1055\t42\t151M\t*\t0\t0\tTCAATGGGGAATGTCCAAATTTTGTATTTCCCTTAAATTCCATAATCAAGACTATTCAACAAAGGGTTGAAAAGAAAAAGCTTGATGGCTTTATGGGTAGAATTCGATCTGTCTATCCAGTTGCGTCTCCAAATGAATGCAACCAAATGTG\tAAAAAEEEEE/EA/E/EEE/EEAEE/E/EE/EEEE//AEE/E/EEE//EEE/</E/EE<<//EE/EE<EEEEEAE/E/EAAEEEAEAEE<E</EEEE/E//E<<<///E<//A<AE</<AEEEAAE///EE</EE//AA///<E</A<AEA\tAS:i:-6\tXN:i:0\tXM:i:2\tXO:i:0\tXG:i:0\tNM:i:2\tMD:Z:60C66A23\tYT:Z:UU",
                "ERR5069949.169513\t0\tMT192765.1\t1098\t42\t92M\t*\t0\t0\tAATCAAGACTATTCAACCAAGGGTTGAAAAGAAAAAGCTTGATGGCTTTATGGGTAGAATTCGATCTGTCTATCCAGTTGCGTCACCAAATG\tAAAAAEEEEEEEEEEEEEEEEEEEEEEEEEEEEEEEEEEEEEEEEEEEEEEEEEEEEEEEEEEEEEEEEEEEEEEEEEEEEEEE/EE6EEEE\tAS:i:0\tXN:i:0\tXM:i:0\tXO:i:0\tXG:i:0\tNM:i:0\tMD:Z:92\tYT:Z:UU",
                "ERR5069949.257821\t16\tMT192765.1\t2834\t42\t139M\t*\t0\t0\tCCTATACAGTTGAACTCGGTACAGAAGTAAATGAGTTCGCCTGTGTTGTGGCAGATGCTGTCATAAAAACTTTGCAACCAGTATCTGAATTACTTACACCACTGGGCATTGATTTAGATGAGTGGAGTATGGCTACATA\tA/AE<EE<EA</EAEAAA<AEEAEE/A/E<<E</E</EEEAAE/EE<E/EEEAEEEEEEE/AEEEEEEEEEEE/EEEE<EEEE/EE/EAEEE6EEAEEEEEEEEEEEEEEEEEEEEEEEEEEEEEEEEEEEEEEAAAAA\tAS:i:0\tXN:i:0\tXM:i:0\tXO:i:0\tXG:i:0\tNM:i:0\tMD:Z:139\tYT:Z:UU"
            ],
            [
                [
                    {
                        "id": "test",
                        "single_end": true
                    },
                    "test.bowtie2.log:md5,7b8a9e61b7646da1089b041333c41a87"
                ]
            ],
            [
                
            ],
            [
                "versions.yml:md5,0034ff5d2b1c356b2208601e9647e055"
            ]
        ],
        "meta": {
            "nf-test": "0.9.1",
            "nextflow": "24.04.4"
        },
        "timestamp": "2024-10-29T14:49:46.446159634"
    },
    "sarscov2 - [fastq1, fastq2], index, fasta, true, true - cram": {
        "content": [
            "test.cram",
            "test.cram.crai"
        ],
        "meta": {
            "nf-test": "0.8.4",
            "nextflow": "23.10.1"
        },
        "timestamp": "2024-03-19T08:46:08.033126014"
    },
    "sarscov2 - fastq, index, fasta, false, false - bam": {
        "content": [
            "test.bam",
            [
                [
                    {
                        "id": "test",
                        "single_end": true
                    },
                    "test.bowtie2.log:md5,7b8a9e61b7646da1089b041333c41a87"
                ]
            ],
            [
                
            ],
            [
                "versions.yml:md5,0034ff5d2b1c356b2208601e9647e055"
            ]
        ],
        "meta": {
            "nf-test": "0.9.1",
            "nextflow": "24.04.4"
        },
        "timestamp": "2024-10-28T12:46:23.771955104"
    },
    "sarscov2 - fastq, index, fasta, true, false - bam": {
        "content": [
            "test.bam",
            [
                [
                    {
                        "id": "test",
                        "single_end": true
                    },
                    "test.bowtie2.log:md5,7b8a9e61b7646da1089b041333c41a87"
                ]
            ],
            [
                
            ],
            [
                "versions.yml:md5,0034ff5d2b1c356b2208601e9647e055"
            ]
        ],
        "meta": {
            "nf-test": "0.9.1",
            "nextflow": "24.04.4"
        },
        "timestamp": "2024-10-28T12:48:59.016760556"
    },
    "sarscov2 - fastq, large_index, fasta, false, false - bam": {
        "content": [
            "test.bam",
            [
                [
                    {
                        "id": "test",
                        "single_end": true
                    },
                    "test.bowtie2.log:md5,7b8a9e61b7646da1089b041333c41a87"
                ]
            ],
            [
                
            ],
            [
                "versions.yml:md5,0034ff5d2b1c356b2208601e9647e055"
            ]
        ],
        "meta": {
            "nf-test": "0.9.1",
            "nextflow": "24.04.4"
        },
        "timestamp": "2024-10-28T12:48:03.15737256"
    },
    "sarscov2 - fastq, index, fasta, false, true - bam": {
        "content": [
            "test.bam",
            [
                [
                    {
                        "id": "test",
                        "single_end": true
                    },
                    "test.bowtie2.log:md5,7b8a9e61b7646da1089b041333c41a87"
                ]
            ],
            [
                
            ],
            [
                "versions.yml:md5,0034ff5d2b1c356b2208601e9647e055"
            ]
        ],
        "meta": {
            "nf-test": "0.9.1",
            "nextflow": "24.04.4"
        },
        "timestamp": "2024-10-28T12:47:13.41871986"
    },
    "sarscov2 - fastq, index, fasta, true, false - stub": {
        "content": [
            "test.bam",
            "test.csi",
            "test.bowtie2.log",
            [
                
            ],
            [
                "versions.yml:md5,0034ff5d2b1c356b2208601e9647e055"
            ]
        ],
        "meta": {
            "nf-test": "0.9.1",
            "nextflow": "24.04.4"
        },
        "timestamp": "2024-10-28T12:49:42.090798629"
    },
    "sarscov2 - [fastq1, fastq2], index, fasta, false, false - bam": {
        "content": [
            "test.bam",
            [
                [
                    {
                        "id": "test",
                        "single_end": false
                    },
                    "test.bowtie2.log:md5,bd89ce1b28c93bf822bae391ffcedd19"
                ]
            ],
            [
                
            ],
            [
                "versions.yml:md5,0034ff5d2b1c356b2208601e9647e055"
            ]
        ],
        "meta": {
            "nf-test": "0.9.1",
            "nextflow": "24.04.4"
        },
        "timestamp": "2024-10-28T12:47:26.78995535"
    },
    "sarscov2 - [fastq1, fastq2], index, fasta, false, false - stub": {
        "content": [
            "test.bam",
            "test.csi",
            "test.bowtie2.log",
            [
                
            ],
            [
                "versions.yml:md5,0034ff5d2b1c356b2208601e9647e055"
            ]
        ],
        "meta": {
            "nf-test": "0.9.1",
            "nextflow": "24.04.4"
        },
        "timestamp": "2024-10-28T12:49:28.417201351"
    },
    "sarscov2 - fastq, index, fasta, false, false - sam": {
        "content": [
            [
                "@HD\tVN:1.5\tSO:coordinate",
                "@SQ\tSN:MT192765.1\tLN:29829",
                "@PG\tID:bowtie2\tPN:bowtie2\tVN:2.5.4\tCL:\"/opt/conda/bin/bowtie2-align-s --wrapper basic-0 -x ./bowtie2/genome --threads 2 -U test_1.fastq.gz\"",
                "@PG\tID:samtools\tPN:samtools\tPP:bowtie2\tVN:1.18\tCL:samtools sort --output-fmt SAM --threads 2 -o test.sam -",
                "ERR5069949.29668\t16\tMT192765.1\t267\t42\t89M\t*\t0\t0\tCCTTGTCCCTGGTTACAACTAGAAACCACACGTCCAACTCAGTTTGCCTGTTTTACAGGTTCGCGACGTGCTCGTACGTGGCTTTGGAG\tE////6/E/EE/EE/<<///6EEE/////<AAA<A<A6AE/E/AE6A/EAEEEAEEEAEEEEEA/AEAE<EEEAEEE////6EEAA/AA\tAS:i:-9\tXN:i:0\tXM:i:3\tXO:i:0\tXG:i:0\tNM:i:3\tMD:Z:14T4G5A63\tYT:Z:UU",
                "ERR5069949.114870\t0\tMT192765.1\t643\t42\t150M\t*\t0\t0\tAAAGGAGCTGGTGGCCATAGTTACGGCGCCGATCTAAAGTCATTTGACTTAGGCGACGAGCTTGGCACTGATCCTTATGAAGATTTTCAAGAAAACTGGAACACTAAACATAGCAGTGGTGTTACCCGTGAACTCATGCGTGAGCTTAAC\tAAAAA/EAEEEEEEAEEEEEEEEE/EEEAEEEEEEEEEEEEEEEEAEAEAEEAEEEEEEEEEEEEEEEEAEAA<EE</AAEEEEEEEAEEEAEEEEEEEEEEEEEEEEEEEEEAEEA<AEEEEEEA<<AAE<EEEEEAE<AAEAAAEAEE\tAS:i:0\tXN:i:0\tXM:i:0\tXO:i:0\tXG:i:0\tNM:i:0\tMD:Z:150\tYT:Z:UU",
                "ERR5069949.147998\t16\tMT192765.1\t919\t42\t94M\t*\t0\t0\tTTTATTGACACTAAGAGGGGTGTATACTGCTGCCGTGAACATGAGCATGAAATTGCTTGGTACACGGAACGTTCTGAAAAGAGCTATGAATTGC\tEE<EEE//A/EEE/A</E<AEAE<EEEA<6EE/EEE/A/EAEAE<//EEEE/EEE6EEE/E/EE/EEE/EEAAEEEEEEEEEEEEEEAEAAAAA\tAS:i:0\tXN:i:0\tXM:i:0\tXO:i:0\tXG:i:0\tNM:i:0\tMD:Z:94\tYT:Z:UU",
                "ERR5069949.155944\t16\tMT192765.1\t1023\t42\t150M\t*\t0\t0\tTGAAATTAAATTGGCAAAGAAATTTGACACCTTCAATGGGGAATGTCCAAATTTTGTATTTCACTTAAATTCCATAATCAAGACTATTCAACCAAGGGTTGAAAAGAAAAAGCTTGATGGCTTTATGGGTAGAATTCGATCTGTCTATCC\tEA<EA/<A/6A/AEA/6/66/AAAEAEEE/EEA/6AAAAAAEE</AAEEEEAAEEEAA/EEE//A/EEEEE/AE/EEE6AEEEE/A/EAEEEEE/EEAEEEAE/AEA66AEEEEEEEEE<AEEEAEEEEEEEEE6EEEEEEEAEEAAAAA\tAS:i:-3\tXN:i:0\tXM:i:1\tXO:i:0\tXG:i:0\tNM:i:1\tMD:Z:62C87\tYT:Z:UU",
                "ERR5069949.184542\t0\tMT192765.1\t1055\t42\t151M\t*\t0\t0\tTCAATGGGGAATGTCCAAATTTTGTATTTCCCTTAAATTCCATAATCAAGACTATTCAACAAAGGGTTGAAAAGAAAAAGCTTGATGGCTTTATGGGTAGAATTCGATCTGTCTATCCAGTTGCGTCTCCAAATGAATGCAACCAAATGTG\tAAAAAEEEEE/EA/E/EEE/EEAEE/E/EE/EEEE//AEE/E/EEE//EEE/</E/EE<<//EE/EE<EEEEEAE/E/EAAEEEAEAEE<E</EEEE/E//E<<<///E<//A<AE</<AEEEAAE///EE</EE//AA///<E</A<AEA\tAS:i:-6\tXN:i:0\tXM:i:2\tXO:i:0\tXG:i:0\tNM:i:2\tMD:Z:60C66A23\tYT:Z:UU",
                "ERR5069949.169513\t0\tMT192765.1\t1098\t42\t92M\t*\t0\t0\tAATCAAGACTATTCAACCAAGGGTTGAAAAGAAAAAGCTTGATGGCTTTATGGGTAGAATTCGATCTGTCTATCCAGTTGCGTCACCAAATG\tAAAAAEEEEEEEEEEEEEEEEEEEEEEEEEEEEEEEEEEEEEEEEEEEEEEEEEEEEEEEEEEEEEEEEEEEEEEEEEEEEEEE/EE6EEEE\tAS:i:0\tXN:i:0\tXM:i:0\tXO:i:0\tXG:i:0\tNM:i:0\tMD:Z:92\tYT:Z:UU",
                "ERR5069949.257821\t16\tMT192765.1\t2834\t42\t139M\t*\t0\t0\tCCTATACAGTTGAACTCGGTACAGAAGTAAATGAGTTCGCCTGTGTTGTGGCAGATGCTGTCATAAAAACTTTGCAACCAGTATCTGAATTACTTACACCACTGGGCATTGATTTAGATGAGTGGAGTATGGCTACATA\tA/AE<EE<EA</EAEAAA<AEEAEE/A/E<<E</E</EEEAAE/EE<E/EEEAEEEEEEE/AEEEEEEEEEEE/EEEE<EEEE/EE/EAEEE6EEAEEEEEEEEEEEEEEEEEEEEEEEEEEEEEEEEEEEEEEAAAAA\tAS:i:0\tXN:i:0\tXM:i:0\tXO:i:0\tXG:i:0\tNM:i:0\tMD:Z:139\tYT:Z:UU"
            ],
            [
                [
                    {
                        "id": "test",
                        "single_end": true
                    },
                    "test.bowtie2.log:md5,7b8a9e61b7646da1089b041333c41a87"
                ]
            ],
            [
                
            ],
            [
                "versions.yml:md5,0034ff5d2b1c356b2208601e9647e055"
            ]
        ],
        "meta": {
            "nf-test": "0.9.1",
            "nextflow": "24.04.4"
        },
        "timestamp": "2024-10-29T14:49:37.146087327"
    },
    "sarscov2 - [fastq1, fastq2], index, fasta, true, false - bam": {
        "content": [
            "test.bam",
            [
                [
                    {
                        "id": "test",
                        "single_end": false
                    },
                    "test.bowtie2.log:md5,bd89ce1b28c93bf822bae391ffcedd19"
                ]
            ],
            [
                
            ],
            [
                "versions.yml:md5,0034ff5d2b1c356b2208601e9647e055"
            ]
        ],
        "meta": {
            "nf-test": "0.9.1",
            "nextflow": "24.04.4"
        },
        "timestamp": "2024-10-28T12:48:42.495832835"
    },
    "sarscov2 - [fastq1, fastq2], index, fasta, false, true - bam": {
        "content": [
            "test.bam",
            [
                [
                    {
                        "id": "test",
                        "single_end": false
                    },
                    "test.bowtie2.log:md5,bd89ce1b28c93bf822bae391ffcedd19"
                ]
            ],
            [
                
            ],
            [
                "versions.yml:md5,0034ff5d2b1c356b2208601e9647e055"
            ]
        ],
        "meta": {
            "nf-test": "0.9.1",
            "nextflow": "24.04.4"
        },
        "timestamp": "2024-10-28T12:47:48.370652703"
    }
}