{
    "sarscov2 - provided faa": {
        "content": [
            [
                "versions.yml:md5,f49f29b8134fdb539364ee46855eb313"
            ]
        ],
        "meta": {
            "nf-test": "0.9.2",
            "nextflow": "24.10.4"
        },
        "timestamp": "2025-10-27T13:13:01.777154464"
    },
    "sarscov2 - provided db": {
        "content": [
            [
                "versions.yml:md5,f49f29b8134fdb539364ee46855eb313"
            ]
        ],
        "meta": {
            "nf-test": "0.9.2",
            "nextflow": "24.10.4"
        },
        "timestamp": "2025-10-27T13:10:35.425578608"
    },
    "sarscov2 - tsv - stub": {
        "content": [
            {
                "0": [
                    [
                        {
                            "id": "test2",
                            "single_end": false
                        },
                        "test2.tsv:md5,d41d8cd98f00b204e9800998ecf8427e"
                    ]
                ],
                "1": [
                    "versions.yml:md5,f49f29b8134fdb539364ee46855eb313"
                ],
                "tsv": [
                    [
                        {
                            "id": "test2",
                            "single_end": false
                        },
                        "test2.tsv:md5,d41d8cd98f00b204e9800998ecf8427e"
                    ]
                ],
                "versions": [
                    "versions.yml:md5,f49f29b8134fdb539364ee46855eb313"
                ]
            }
        ],
        "meta": {
            "nf-test": "0.9.2",
            "nextflow": "24.10.4"
        },
        "timestamp": "2025-10-27T13:15:18.917890463"
    }
}