{
    "test_limma_differential - voom_blocking": {
        "content": [
            [
                [
                    {
                        "id": "test",
                        "variable": "treatment",
                        "reference": "hND6",
                        "target": "mCherry"
                    },
                    "test.limma.model.txt:md5,3b96713b4e3f027b0347859f02a9038d"
                ]
            ],
            [
                "versions.yml:md5,88a6e42d753077edab8daf829cd4d943"
            ]
        ],
        "meta": {
            "nf-test": "0.9.1",
            "nextflow": "24.04.4"
        },
        "timestamp": "2024-10-31T12:35:52.20676"
    },
    "test_limma_differential - voom": {
        "content": [
            [
                [
                    {
                        "id": "test",
                        "variable": "treatment",
                        "reference": "hND6",
                        "target": "mCherry"
                    },
                    "test.limma.model.txt:md5,d2113d82b76046c319e6602da2ad74d6"
                ]
            ],
            [
                "versions.yml:md5,88a6e42d753077edab8daf829cd4d943"
            ]
        ],
        "meta": {
            "nf-test": "0.9.1",
            "nextflow": "24.04.4"
        },
        "timestamp": "2024-10-31T12:36:19.251559"
    },
    "test_limma_differential - subset_to_contrast": {
        "content": [
            [
                [
                    {
                        "id": "test",
                        "variable": "diagnosis",
                        "reference": "normal",
                        "target": "uremia"
                    },
                    "diagnosis_normal_uremia.limma.model.txt:md5,70b000f632b8bdba4917046362dd876b"
                ]
            ],
            [
                "versions.yml:md5,88a6e42d753077edab8daf829cd4d943"
            ]
        ],
        "meta": {
            "nf-test": "0.9.2",
            "nextflow": "24.10.1"
        },
        "timestamp": "2024-11-28T16:37:15.166619411"
    },
    "test_limma_differential - exclude_samples": {
        "content": [
            [
                [
                    {
                        "id": "test",
                        "variable": "diagnosis",
                        "reference": "normal",
                        "target": "uremia"
                    },
                    "diagnosis_normal_uremia.limma.model.txt:md5,70b000f632b8bdba4917046362dd876b"
                ]
            ],
            [
                "versions.yml:md5,88a6e42d753077edab8daf829cd4d943"
            ]
        ],
        "meta": {
            "nf-test": "0.9.2",
            "nextflow": "24.10.1"
        },
        "timestamp": "2024-11-28T16:36:27.444619568"
    },
    "test_limma_differential - stub": {
        "content": [
            [
                [
                    [
                        {
                            "id": "test",
                            "variable": "treatment",
                            "reference": "hND6",
                            "target": "mCherry"
                        },
                        "test.limma.results.tsv:md5,d41d8cd98f00b204e9800998ecf8427e"
                    ]
                ],
                [
                    [
                        {
                            "id": "test",
                            "variable": "treatment",
                            "reference": "hND6",
                            "target": "mCherry"
                        },
                        "test.limma.model.txt:md5,d41d8cd98f00b204e9800998ecf8427e"
                    ]
                ],
                [
                    [
                        {
                            "id": "test",
                            "variable": "treatment",
                            "reference": "hND6",
                            "target": "mCherry"
                        },
                        "test.normalised_counts.tsv:md5,d41d8cd98f00b204e9800998ecf8427e"
                    ]
                ],
                [
                    "versions.yml:md5,88a6e42d753077edab8daf829cd4d943"
                ]
            ]
        ],
        "meta": {
            "nf-test": "0.9.1",
            "nextflow": "24.04.4"
        },
        "timestamp": "2024-10-31T12:36:56.462834"
    },
    "test_limma_differential - voom_mixed": {
        "content": [
            [
                [
                    {
                        "id": "test",
                        "variable": "treatment",
                        "reference": "hND6",
                        "target": "mCherry"
                    },
                    "test.limma.model.txt:md5,d2113d82b76046c319e6602da2ad74d6"
                ]
            ],
            [
                "versions.yml:md5,88a6e42d753077edab8daf829cd4d943"
            ]
        ],
        "meta": {
            "nf-test": "0.9.1",
            "nextflow": "24.04.4"
        },
        "timestamp": "2024-10-31T12:36:46.38894"
    },
    "test_limma_differential": {
        "content": [
            [
                [
                    {
                        "id": "test",
                        "variable": "diagnosis",
                        "reference": "normal",
                        "target": "uremia"
                    },
                    "diagnosis_normal_uremia.limma.model.txt:md5,70b000f632b8bdba4917046362dd876b"
                ]
            ],
            [
                "versions.yml:md5,88a6e42d753077edab8daf829cd4d943"
            ]
        ],
        "meta": {
            "nf-test": "0.9.2",
            "nextflow": "24.10.1"
        },
        "timestamp": "2024-11-28T16:35:42.239334737"
    }
}