{
    "sarscov2 - fastq - single-end - stub": {
        "content": [
            {
                "0": [
                    [
                        {
                            "id": "test",
                            "single_end": true
                        },
                        [
                            "test.clean_1.fastq.gz:md5,68b329da9893e34099c7d8ad5cb9c940",
                            "test.clean_2.fastq.gz:md5,68b329da9893e34099c7d8ad5cb9c940"
                        ]
                    ]
                ],
                "1": [
                    [
                        {
                            "id": "test",
                            "single_end": true
                        },
                        "test.log:md5,d41d8cd98f00b204e9800998ecf8427e"
                    ]
                ],
                "2": [
                    "versions.yml:md5,2a9f7b2ced8f470e6cd026b68aad9608"
                ],
                "cleaned_reads": [
                    [
                        {
                            "id": "test",
                            "single_end": true
                        },
                        [
                            "test.clean_1.fastq.gz:md5,68b329da9893e34099c7d8ad5cb9c940",
                            "test.clean_2.fastq.gz:md5,68b329da9893e34099c7d8ad5cb9c940"
                        ]
                    ]
                ],
                "log": [
                    [
                        {
                            "id": "test",
                            "single_end": true
                        },
                        "test.log:md5,d41d8cd98f00b204e9800998ecf8427e"
                    ]
                ],
                "versions": [
                    "versions.yml:md5,2a9f7b2ced8f470e6cd026b68aad9608"
                ]
            }
        ],
        "meta": {
            "nf-test": "0.9.0",
            "nextflow": "24.10.0"
        },
        "timestamp": "2024-11-13T13:58:30.020635321"
    },
    "sarscov2 - fastq - paired-end": {
        "content": [
            {
                "0": [
                    [
                        {
                            "id": "test",
                            "single_end": false
                        },
                        [
                            "test_1.clean_1.fastq.gz:md5,d41d8cd98f00b204e9800998ecf8427e",
                            "test_2.clean_2.fastq.gz:md5,d41d8cd98f00b204e9800998ecf8427e"
                        ]
                    ]
                ],
                "1": [
                    [
                        {
                            "id": "test",
                            "single_end": false
                        },
                        "test.log:md5,aed1f2fd60cae7c14b60632cb55c6657"
                    ]
                ],
                "2": [
                    "versions.yml:md5,2a9f7b2ced8f470e6cd026b68aad9608"
                ],
                "cleaned_reads": [
                    [
                        {
                            "id": "test",
                            "single_end": false
                        },
                        [
                            "test_1.clean_1.fastq.gz:md5,d41d8cd98f00b204e9800998ecf8427e",
                            "test_2.clean_2.fastq.gz:md5,d41d8cd98f00b204e9800998ecf8427e"
                        ]
                    ]
                ],
                "log": [
                    [
                        {
                            "id": "test",
                            "single_end": false
                        },
                        "test.log:md5,aed1f2fd60cae7c14b60632cb55c6657"
                    ]
                ],
                "versions": [
                    "versions.yml:md5,2a9f7b2ced8f470e6cd026b68aad9608"
                ]
            }
        ],
        "meta": {
            "nf-test": "0.9.0",
            "nextflow": "24.10.0"
        },
        "timestamp": "2024-11-13T13:58:10.034488637"
    },
    "sarscov2 - fastq - single-end": {
        "content": [
            {
                "0": [
                    [
                        {
                            "id": "test",
                            "single_end": true
                        },
                        "test_1.clean.fastq.gz:md5,9f846701606f9aaf548bbd0d0fda8ec1"
                    ]
                ],
                "1": [
                    [
                        {
                            "id": "test",
                            "single_end": true
                        },
                        "test.log:md5,7c05d265747f480b2728e01830d601cd"
                    ]
                ],
                "2": [
                    "versions.yml:md5,2a9f7b2ced8f470e6cd026b68aad9608"
                ],
                "cleaned_reads": [
                    [
                        {
                            "id": "test",
                            "single_end": true
                        },
                        "test_1.clean.fastq.gz:md5,9f846701606f9aaf548bbd0d0fda8ec1"
                    ]
                ],
                "log": [
                    [
                        {
                            "id": "test",
                            "single_end": true
                        },
                        "test.log:md5,7c05d265747f480b2728e01830d601cd"
                    ]
                ],
                "versions": [
                    "versions.yml:md5,2a9f7b2ced8f470e6cd026b68aad9608"
                ]
            }
        ],
        "meta": {
            "nf-test": "0.9.0",
            "nextflow": "24.10.0"
        },
        "timestamp": "2024-11-13T13:57:45.849860634"
    }
}