{
    "test - fa_tsv": {
        "content": [
            {
                "0": [
                    [
                        {
                            "id": "test",
                            "single_end": false
                        },
                        "test.fa:md5,83eccce28287b72c524ea022996d465f"
                    ]
                ],
                "1": [
                    "versions.yml:md5,285ddd6be0ed62527fe62fde1df82bf4"
                ],
                "out_fa": [
                    [
                        {
                            "id": "test",
                            "single_end": false
                        },
                        "test.fa:md5,83eccce28287b72c524ea022996d465f"
                    ]
                ],
                "versions": [
                    "versions.yml:md5,285ddd6be0ed62527fe62fde1df82bf4"
                ]
            }
        ],
        "meta": {
            "nf-test": "0.9.2",
            "nextflow": "24.10.4"
        },
        "timestamp": "2025-10-27T13:27:12.739743972"
    },
    "test - faa_fasta - stub": {
        "content": [
            {
                "0": [
                    [
                        {
                            "id": "test",
                            "single_end": false
                        },
                        "test.fa:md5,d41d8cd98f00b204e9800998ecf8427e"
                    ]
                ],
                "1": [
                    "versions.yml:md5,285ddd6be0ed62527fe62fde1df82bf4"
                ],
                "out_fa": [
                    [
                        {
                            "id": "test",
                            "single_end": false
                        },
                        "test.fa:md5,d41d8cd98f00b204e9800998ecf8427e"
                    ]
                ],
                "versions": [
                    "versions.yml:md5,285ddd6be0ed62527fe62fde1df82bf4"
                ]
            }
        ],
        "meta": {
            "nf-test": "0.9.2",
            "nextflow": "24.10.4"
        },
        "timestamp": "2025-10-27T13:29:34.921998509"
    }
}